------------------------------------------------------------
Timing Analyzer Summary
------------------------------------------------------------

Type  : Slow 1200mV 85C Model Setup 'clk'
Slack : -3.862
TNS   : -591.265

Type  : Slow 1200mV 85C Model Setup 'simple_struct:u0|usart:usart_0|bit_clk'
Slack : -1.562
TNS   : -7.071

Type  : Slow 1200mV 85C Model Setup 'simple_struct:u0|controller:controller_0|wr_ind_pulse'
Slack : -1.398
TNS   : -5.246

Type  : Slow 1200mV 85C Model Setup 'simple_struct:u0|controller:controller_0|segment_7_hex:seg_7_indicstor|clk_1kHz'
Slack : -1.022
TNS   : -1.948

Type  : Slow 1200mV 85C Model Hold 'simple_struct:u0|controller:controller_0|wr_ind_pulse'
Slack : -0.019
TNS   : -0.091

Type  : Slow 1200mV 85C Model Hold 'clk'
Slack : 0.433
TNS   : 0.000

Type  : Slow 1200mV 85C Model Hold 'simple_struct:u0|usart:usart_0|bit_clk'
Slack : 0.453
TNS   : 0.000

Type  : Slow 1200mV 85C Model Hold 'simple_struct:u0|controller:controller_0|segment_7_hex:seg_7_indicstor|clk_1kHz'
Slack : 0.466
TNS   : 0.000

Type  : Slow 1200mV 85C Model Recovery 'clk'
Slack : -2.105
TNS   : -262.388

Type  : Slow 1200mV 85C Model Recovery 'simple_struct:u0|usart:usart_0|bit_clk'
Slack : -1.588
TNS   : -9.528

Type  : Slow 1200mV 85C Model Removal 'simple_struct:u0|usart:usart_0|bit_clk'
Slack : 1.911
TNS   : 0.000

Type  : Slow 1200mV 85C Model Removal 'clk'
Slack : 2.045
TNS   : 0.000

Type  : Slow 1200mV 85C Model Minimum Pulse Width 'clk'
Slack : -3.000
TNS   : -353.932

Type  : Slow 1200mV 85C Model Minimum Pulse Width 'simple_struct:u0|usart:usart_0|bit_clk'
Slack : -1.487
TNS   : -8.922

Type  : Slow 1200mV 85C Model Minimum Pulse Width 'simple_struct:u0|controller:controller_0|segment_7_hex:seg_7_indicstor|clk_1kHz'
Slack : -1.487
TNS   : -2.974

Type  : Slow 1200mV 85C Model Minimum Pulse Width 'simple_struct:u0|controller:controller_0|wr_ind_pulse'
Slack : 0.365
TNS   : 0.000

Type  : Slow 1200mV 0C Model Setup 'clk'
Slack : -3.667
TNS   : -535.494

Type  : Slow 1200mV 0C Model Setup 'simple_struct:u0|controller:controller_0|wr_ind_pulse'
Slack : -1.402
TNS   : -5.357

Type  : Slow 1200mV 0C Model Setup 'simple_struct:u0|usart:usart_0|bit_clk'
Slack : -1.373
TNS   : -6.246

Type  : Slow 1200mV 0C Model Setup 'simple_struct:u0|controller:controller_0|segment_7_hex:seg_7_indicstor|clk_1kHz'
Slack : -0.927
TNS   : -1.713

Type  : Slow 1200mV 0C Model Hold 'simple_struct:u0|controller:controller_0|wr_ind_pulse'
Slack : 0.098
TNS   : 0.000

Type  : Slow 1200mV 0C Model Hold 'clk'
Slack : 0.382
TNS   : 0.000

Type  : Slow 1200mV 0C Model Hold 'simple_struct:u0|usart:usart_0|bit_clk'
Slack : 0.401
TNS   : 0.000

Type  : Slow 1200mV 0C Model Hold 'simple_struct:u0|controller:controller_0|segment_7_hex:seg_7_indicstor|clk_1kHz'
Slack : 0.417
TNS   : 0.000

Type  : Slow 1200mV 0C Model Recovery 'clk'
Slack : -1.805
TNS   : -223.418

Type  : Slow 1200mV 0C Model Recovery 'simple_struct:u0|usart:usart_0|bit_clk'
Slack : -1.314
TNS   : -7.884

Type  : Slow 1200mV 0C Model Removal 'simple_struct:u0|usart:usart_0|bit_clk'
Slack : 1.703
TNS   : 0.000

Type  : Slow 1200mV 0C Model Removal 'clk'
Slack : 1.833
TNS   : 0.000

Type  : Slow 1200mV 0C Model Minimum Pulse Width 'clk'
Slack : -3.000
TNS   : -353.932

Type  : Slow 1200mV 0C Model Minimum Pulse Width 'simple_struct:u0|usart:usart_0|bit_clk'
Slack : -1.487
TNS   : -8.922

Type  : Slow 1200mV 0C Model Minimum Pulse Width 'simple_struct:u0|controller:controller_0|segment_7_hex:seg_7_indicstor|clk_1kHz'
Slack : -1.487
TNS   : -2.974

Type  : Slow 1200mV 0C Model Minimum Pulse Width 'simple_struct:u0|controller:controller_0|wr_ind_pulse'
Slack : 0.227
TNS   : 0.000

Type  : Fast 1200mV 0C Model Setup 'clk'
Slack : -1.283
TNS   : -130.230

Type  : Fast 1200mV 0C Model Setup 'simple_struct:u0|controller:controller_0|wr_ind_pulse'
Slack : -0.114
TNS   : -0.114

Type  : Fast 1200mV 0C Model Setup 'simple_struct:u0|usart:usart_0|bit_clk'
Slack : -0.105
TNS   : -0.105

Type  : Fast 1200mV 0C Model Setup 'simple_struct:u0|controller:controller_0|segment_7_hex:seg_7_indicstor|clk_1kHz'
Slack : 0.151
TNS   : 0.000

Type  : Fast 1200mV 0C Model Hold 'simple_struct:u0|controller:controller_0|wr_ind_pulse'
Slack : 0.032
TNS   : 0.000

Type  : Fast 1200mV 0C Model Hold 'clk'
Slack : 0.179
TNS   : 0.000

Type  : Fast 1200mV 0C Model Hold 'simple_struct:u0|usart:usart_0|bit_clk'
Slack : 0.186
TNS   : 0.000

Type  : Fast 1200mV 0C Model Hold 'simple_struct:u0|controller:controller_0|segment_7_hex:seg_7_indicstor|clk_1kHz'
Slack : 0.194
TNS   : 0.000

Type  : Fast 1200mV 0C Model Recovery 'clk'
Slack : -0.445
TNS   : -51.154

Type  : Fast 1200mV 0C Model Recovery 'simple_struct:u0|usart:usart_0|bit_clk'
Slack : -0.161
TNS   : -0.966

Type  : Fast 1200mV 0C Model Removal 'simple_struct:u0|usart:usart_0|bit_clk'
Slack : 0.777
TNS   : 0.000

Type  : Fast 1200mV 0C Model Removal 'clk'
Slack : 0.930
TNS   : 0.000

Type  : Fast 1200mV 0C Model Minimum Pulse Width 'clk'
Slack : -3.000
TNS   : -310.988

Type  : Fast 1200mV 0C Model Minimum Pulse Width 'simple_struct:u0|usart:usart_0|bit_clk'
Slack : -1.000
TNS   : -6.000

Type  : Fast 1200mV 0C Model Minimum Pulse Width 'simple_struct:u0|controller:controller_0|segment_7_hex:seg_7_indicstor|clk_1kHz'
Slack : -1.000
TNS   : -2.000

Type  : Fast 1200mV 0C Model Minimum Pulse Width 'simple_struct:u0|controller:controller_0|wr_ind_pulse'
Slack : 0.341
TNS   : 0.000

------------------------------------------------------------
